// Jest Snapshot v1, https://goo.gl/fbAQLP

exports[`App Component renders successfully 1`] = `ShallowWrapper {}`;
